// Jest Snapshot v1, https://goo.gl/fbAQLP

exports[`renders LoadingComponent correctly 1`] = `
<View
  style={
    Object {
      "alignItems": "center",
      "flex": 1,
      "justifyContent": "center",
    }
  }
>
  <Text>
     
    Loading test
     
  </Text>
</View>
`;
